// Vitest Snapshot v1

exports[`Auth store > load current user fn 1`] = `null`;
